// Jest Snapshot v1, https://goo.gl/fbAQLP

exports[`<App /> renders correctly 1`] = `
<Provider
  store={Object {}}
>
  <BrowserRouter>
    <Route
      component={
        Object {
          "mapDispatchToProps": [Function],
          "mapStateToProps": [Function],
          "mockDispatch": [MockFunction],
          "reactComponent": [Function],
        }
      }
      path="/"
    />
  </BrowserRouter>
</Provider>
`;
